\BOOKMARK [0][-]{chapter*.2}{\376\377\004\022\004\062\004\065\004\064\004\065\004\075\004\070\004\065}{}% 1
\BOOKMARK [0][-]{chapter.1}{\376\377\004\020\004\072\004\102\004\103\004\060\004\073\004\114\004\075\004\076\004\101\004\102\004\114}{}% 2
\BOOKMARK [0][-]{chapter.2}{\376\377\004\041\004\102\004\100\004\103\004\072\004\102\004\103\004\100\004\060\000\040\004\076\004\077\004\100\004\076\004\101\004\076\004\062}{}% 3
\BOOKMARK [1][-]{section.2.1}{\376\377\004\021\004\060\004\067\004\076\004\062\004\113\004\071\000\040\004\076\004\077\004\100\004\076\004\101}{chapter.2}% 4
\BOOKMARK [1][-]{section.2.2}{\376\377\004\032\004\076\004\075\004\102\004\100\004\076\004\073\004\114\000\040\004\077\004\100\004\070\004\121\004\074\004\060\000\040\004\074\004\065\004\064\004\070\004\072\004\060\004\074\004\065\004\075\004\102\004\076\004\062}{chapter.2}% 5
\BOOKMARK [1][-]{section.2.3}{\376\377\004\036\004\061\004\100\004\060\004\067\000\040\004\066\004\070\004\067\004\075\004\070\000:\000\040\004\062\004\100\004\065\004\064\004\075\004\113\004\065\000\040\004\077\004\100\004\070\004\062\004\113\004\107\004\072\004\070\000\040\004\070\000\040\004\060\004\072\004\102\004\070\004\062\004\075\004\076\004\101\004\102\004\114}{chapter.2}% 6
\BOOKMARK [0][-]{chapter.3}{\376\377\004\027\004\060\004\064\004\060\004\107\004\070}{}% 7
\BOOKMARK [0][-]{chapter.4}{\376\377\004\037\004\100\004\076\004\061\004\073\004\065\004\074\004\113\000\040\004\075\004\060\004\102\004\070\004\062\004\075\004\076\004\071\000\040\004\100\004\060\004\067\004\100\004\060\004\061\004\076\004\102\004\072\004\070\000\040\000i\000O\000S\000-\004\077\004\100\004\070\004\073\004\076\004\066\004\065\004\075\004\070\004\071}{}% 8
\BOOKMARK [1][-]{section.4.1}{\376\377\004\036\004\061\004\111\004\070\004\065\000\040\004\077\004\100\004\076\004\061\004\073\004\065\004\074\004\113}{chapter.4}% 9
\BOOKMARK [1][-]{section.4.2}{\376\377\004\037\004\100\004\076\004\061\004\073\004\065\004\074\004\113\000\040\004\062\000\040\004\101\004\076\004\062\004\100\004\065\004\074\004\065\004\075\004\075\004\076\004\071\000\040\004\040\004\076\004\101\004\101\004\070\004\070}{chapter.4}% 10
\BOOKMARK [0][-]{chapter.5}{\376\377\004\022\004\113\004\061\004\076\004\100\000\040\004\104\004\100\004\065\004\071\004\074\004\062\004\076\004\100\004\072\004\060\000\040\004\070\000\040\004\102\004\065\004\105\004\075\004\076\004\073\004\076\004\063\004\070\004\071}{}% 11
\BOOKMARK [1][-]{section.5.1}{\376\377\000R\000e\000a\000c\000t\000J\000S}{chapter.5}% 12
\BOOKMARK [1][-]{section.5.2}{\376\377\000V\000i\000t\000e}{chapter.5}% 13
\BOOKMARK [1][-]{section.5.3}{\376\377\000R\000e\000d\000u\000x}{chapter.5}% 14
\BOOKMARK [1][-]{section.5.4}{\376\377\000R\000e\000a\000c\000t\000\040\000R\000o\000u\000t\000e\000r\000\040\000D\000O\000M}{chapter.5}% 15
\BOOKMARK [1][-]{section.5.5}{\376\377\000M\000a\000t\000e\000r\000i\000a\000l\000-\000U\000I}{chapter.5}% 16
\BOOKMARK [1][-]{section.5.6}{\376\377\000P\000r\000o\000g\000r\000e\000s\000s\000i\000v\000e\000\040\000W\000e\000b\000\040\000A\000p\000p\000\040\000\050\000P\000W\000A\000\051}{chapter.5}% 17
\BOOKMARK [2][-]{subsection.5.6.1}{\376\377\004\037\004\076\004\064\004\064\004\065\004\100\004\066\004\072\004\060\000\040\000P\000W\000A\000\040\004\070\000\040\000p\000u\000s\000h\000-\004\103\004\062\004\065\004\064\004\076\004\074\004\073\004\065\004\075\004\070\004\071\000\040\004\075\004\060\000\040\000i\000O\000S}{section.5.6}% 18
\BOOKMARK [0][-]{chapter.6}{\376\377\004\022\004\065\004\061\000-\004\077\004\100\004\070\004\073\004\076\004\066\004\065\004\075\004\070\004\065\000\040\004\062\004\100\004\060\004\107\004\060}{}% 19
\BOOKMARK [1][-]{section.6.1}{\376\377\004\020\004\103\004\102\004\065\004\075\004\102\004\070\004\104\004\070\004\072\004\060\004\106\004\070\004\117}{chapter.6}% 20
\BOOKMARK [1][-]{section.6.2}{\376\377\004\040\004\065\004\063\004\070\004\101\004\102\004\100\004\060\004\106\004\070\004\117\000\040\004\062\004\100\004\060\004\107\004\060}{chapter.6}% 21
\BOOKMARK [1][-]{section.6.3}{\376\377\004\023\004\073\004\060\004\062\004\075\004\060\004\117\000\040\004\101\004\102\004\100\004\060\004\075\004\070\004\106\004\060}{chapter.6}% 22
\BOOKMARK [1][-]{section.6.4}{\376\377\004\037\004\060\004\106\004\070\004\065\004\075\004\102\004\113}{chapter.6}% 23
\BOOKMARK [1][-]{section.6.5}{\376\377\004\037\004\060\004\106\004\070\004\065\004\075\004\102}{chapter.6}% 24
\BOOKMARK [1][-]{section.6.6}{\376\377\004\036\004\077\004\100\004\076\004\101}{chapter.6}% 25
\BOOKMARK [1][-]{section.6.7}{\376\377\004\040\004\065\004\063\004\070\004\101\004\102\004\100\004\060\004\106\004\070\004\117\000\040\004\077\004\060\004\106\004\070\004\065\004\075\004\102\004\060}{chapter.6}% 26
\BOOKMARK [0][-]{chapter.7}{\376\377\004\022\004\065\004\061\000-\004\077\004\100\004\070\004\073\004\076\004\066\004\065\004\075\004\070\004\065\000\040\004\077\004\060\004\106\004\070\004\065\004\075\004\102\004\060}{}% 27
\BOOKMARK [1][-]{section.7.1}{\376\377\004\023\004\073\004\060\004\062\004\075\004\060\004\117\000\040\004\101\004\102\004\100\004\060\004\075\004\070\004\106\004\060}{chapter.7}% 28
\BOOKMARK [1][-]{section.7.2}{\376\377\004\037\004\100\004\076\004\105\004\076\004\066\004\064\004\065\004\075\004\070\004\117\000\040\004\076\004\077\004\100\004\076\004\101\004\060}{chapter.7}% 29
\BOOKMARK [1][-]{section.7.3}{\376\377\004\034\004\065\004\075\004\116}{chapter.7}% 30
\BOOKMARK [1][-]{section.7.4}{\376\377\000P\000U\000S\000H\000-\004\103\004\062\004\065\004\064\004\076\004\074\004\073\004\065\004\075\004\070\004\117}{chapter.7}% 31
\BOOKMARK [0][-]{chapter.8}{\376\377\004\036\004\077\004\102\004\070\004\074\004\070\004\067\004\060\004\106\004\070\004\117\000\040\004\072\004\076\004\064\004\060}{}% 32
\BOOKMARK [1][-]{section.8.1}{\376\377\000C\000o\000d\000e\000\040\000S\000p\000l\000i\000t\000t\000i\000n\000g\000\040\004\101\000\040\004\070\004\101\004\077\004\076\004\073\004\114\004\067\004\076\004\062\004\060\004\075\004\070\004\065\004\074\000\040\000R\000e\000a\000c\000t\000\040\000R\000o\000u\000t\000e\000r\000\040\000D\000O\000M}{chapter.8}% 33
\BOOKMARK [1][-]{section.8.2}{\376\377\004\041\004\066\004\060\004\102\004\070\004\065\000\040\000G\000z\000i\000p}{chapter.8}% 34
\BOOKMARK [1][-]{section.8.3}{\376\377\004\032\004\115\004\110\004\070\004\100\004\076\004\062\004\060\004\075\004\070\004\065\000\040\004\070\000\040\004\072\004\076\004\075\004\102\004\100\004\076\004\073\004\114\000\040\004\062\004\065\004\100\004\101\004\070\004\071}{chapter.8}% 35
\BOOKMARK [0][-]{chapter*.3}{\376\377\004\027\004\060\004\072\004\073\004\116\004\107\004\065\004\075\004\070\004\065}{}% 36
\BOOKMARK [0][-]{chapter*.3}{\376\377\004\041\004\077\004\070\004\101\004\076\004\072\000\040\004\073\004\070\004\102\004\065\004\100\004\060\004\102\004\103\004\100\004\113}{}% 37
